cmdcrdnt.cpp
cmdcrdnt.h
cmdsstrg.cpp
cmdsstrg.h
cmdsystm.cpp
cmdsystm.h
cmd_atr.cpp
cmd_atr.h
cmd_base.cpp
cmd_base.h
cmd_clr.cpp
cmd_clr.h
cmd_dibc.bak
cmd_dibc.cpp
cmd_dibc.h
cmd_edit.cpp
cmd_edit.h
cmd_figu.cpp
cmd_figu.h
cmd_file.cpp
cmd_file.h
cmd_line.cpp
cmd_line.h
cmd_moji.cpp
cmd_moji.h
cmd_msur.cpp
cmd_msur.h
cmd_pint.bak
cmd_pint.cpp
cmd_pint.h
cmd_rule.cpp
cmd_rule.h
cmd_slct.cpp
cmd_slct.h
cmd_spcl.bak
cmd_spcl.cpp
cmd_spcl.h
cmd_strg.cpp
cmd_strg.h
cmd_trns.cpp
cmd_trns.h
cmd_waku.cpp
cmd_waku.h
cmd_zoom.cpp
cmd_zoom.h
comsrc.lst
dlclrbar.cpp
dlclrbar.h
dlgcnrkd.cpp
dlgcnrkd.h
dlgdirsl.h
dlgdirst.cpp
dlgedbar.cpp
dlgedbar.h
dlggrdtn.cpp
dlggrdtn.h
dlginnum.cpp
dlginnum.h
dlgkmnld.cpp
dlgkmnld.h
dlgmjld.cpp
dlgmjld.h
dlgmjmov.cpp
dlgmjmov.h
dlgmjsiz.cpp
dlgmjsiz.h
dlgmjsv.cpp
dlgmjsv.h
dlgmsatr.cpp
dlgmsatr.h
dlgmybar.cpp
dlgmybar.h
dlgoutln.cpp
dlgoutln.h
dlgscrne.cpp
dlgscrne.h
dlgshdw.cpp
dlgshdw.h
dlgstlup.cpp
dlgstlup.h
dlgstrin.cpp
dlgstrin.h
dlgstrvs.cpp
dlgstrvs.h
dlgtrimg.cpp
dlgtrimg.h
dlgttin.cpp
dlgttin.h
dlgtwpnt.cpp
dlgtwpnt.h
dlgtxtin.cpp
dlgtxtin.h
dlgwkdel.cpp
dlgwkdel.h
dlgwkgrp.cpp
dlgwkgrp.h
dlgwkinp.cpp
dlgwkinp.h
dlgwkld.cpp
dlgwkld.h
dlgwklup.cpp
dlgwklup.h
dlgwkppr.cpp
dlgwkppr.h
dlgwksv.cpp
dlgwksv.h
figutool.cpp
figutool.h
filevect.cpp
filevect.h
fontcbox.cpp
fontcbox.h
mydialog.cpp
mydialog.h
myedit.cpp
myedit.h
plgntool.cpp
plgntool.h
strgtool.cpp
strgtool.h
twain.h
twaincal.cpp
twaincal.fnc
twaincal.h
twainlow.cpp
twainlow.fnc
twainlow.h
wakutool.cpp
wakutool.h
